<pre>
external: {External data}
date: {2012-10-22 14:35:24}
subblog: {food}
intfield: {42}
numfield: {3.14}
</pre>
